// Jest Snapshot v1, https://goo.gl/fbAQLP

exports[`components/Sidebar.tsx should render itself & its children (logged in) 1`] = `
{
  "asFragment": [Function],
  "baseElement": <body>
    <div>
      <div
        class="fixed left-14 -ml-14 flex h-full w-14 flex-col overflow-y-auto bg-gray-sidebar"
      >
        <div
          class="flex flex-1 flex-col items-center py-4"
        >
          <button
            class="mx-auto my-3 cursor-pointer outline-none"
            data-testid="atlasify-logo"
            title="Open Atlasify on GitHub"
            type="button"
          >
            <span
              aria-label="Atlas"
              class="css-12mte9y"
              role="img"
            >
              <svg
                aria-hidden="true"
                fill="none"
                focusable="false"
                height="32"
                viewBox="0 0 32 32"
                xmlns="http://www.w3.org/2000/svg"
              >
                
    
                <g
                  fill="#1868DB"
                >
                  
      
                  <path
                    d="M16 28.532c-6.656 0-12.068-5.412-12.068-12.068S9.344 4.396 16 4.396v1.921c-5.597 0-10.146 4.549-10.146 10.146S10.403 26.609 16 26.609zm0 0v-1.921c5.597 0 10.146-4.549 10.146-10.146h1.921c0 6.656-5.412 12.068-12.068 12.068zm12.068-12.068h-1.921c0-5.597-4.549-10.146-10.146-10.146V4.397c6.656 0 12.068 5.412 12.068 12.068zm-6.928 3.695c-1.28-.251-2.292-.706-3.973-1.467-.464-.204-.974-.436-1.559-.696a59 59 0 0 0-1.003-.436c-2.534-1.123-3.926-1.736-5.634-1.736-1.198 0-2.098.325-2.6.937a1.72 1.72 0 0 0-.38 1.448l-1.885.362a3.67 3.67 0 0 1 .78-3.035c.613-.743 1.82-1.634 4.085-1.634 2.116 0 3.824.761 6.414 1.903.316.14.641.288.994.436.594.26 1.114.492 1.578.706 1.606.724 2.488 1.123 3.555 1.327l-.371 1.885Zm1.877.185c-.64 0-1.253-.056-1.875-.185l.371-1.885c.502.102.994.149 1.504.149 1.188 0 2.089-.298 2.609-.864s.539-1.253.51-1.615l1.913-.167c.102 1.169-.251 2.265-1.003 3.082-.622.677-1.82 1.485-4.029 1.485M16 28.532v-1.921c2.757 0 4.4-2.813 4.4-7.52s-1.67-8.652-5.096-12.3l1.402-1.318c3.778 4.02 5.616 8.476 5.616 13.618 0 5.821-2.423 9.441-6.322 9.441m-.001 0c-4.15 0-6.526-3.379-6.526-9.273 0-6.879 3.008-10.722 5.82-13.776l1.412 1.299c-3.277 3.565-5.31 6.888-5.31 12.476 0 6.08 2.506 7.352 4.604 7.352z"
                  />
                  
      
                  <path
                    d="M10.857 17.467a2.247 2.247 0 1 0 0-4.494 2.247 2.247 0 0 0 0 4.494m10.385 3.871a2.247 2.247 0 1 0 0-4.494 2.247 2.247 0 0 0 0 4.494M15.998 7.96a2.247 2.247 0 1 0 0-4.493 2.247 2.247 0 0 0 0 4.494Z"
                  />
                  
    
                </g>
                
  
              </svg>
            </span>
          </button>
          <button
            class="flex justify-evenly items-center w-full my-1 cursor-pointer text-xs font-extrabold focus:outline-none disabled:text-gray-500 disabled:cursor-default text-white hover:text-gray-500 py-1"
            title="2 Unread Notifications"
            type="button"
          >
            <svg
              aria-label="2 Unread Notifications"
              class="octicon octicon-bell"
              fill="currentColor"
              focusable="false"
              height="12"
              role="img"
              style="display: inline-block; user-select: none; vertical-align: text-bottom; overflow: visible;"
              viewBox="0 0 16 16"
              width="12"
            >
              <path
                d="M8 16a2 2 0 0 0 1.985-1.75c.017-.137-.097-.25-.235-.25h-3.5c-.138 0-.252.113-.235.25A2 2 0 0 0 8 16ZM3 5a5 5 0 0 1 10 0v2.947c0 .05.015.098.042.139l1.703 2.555A1.519 1.519 0 0 1 13.482 13H2.518a1.516 1.516 0 0 1-1.263-2.36l1.703-2.554A.255.255 0 0 0 3 7.947Zm5-3.5A3.5 3.5 0 0 0 4.5 5v2.947c0 .346-.102.683-.294.97l-1.703 2.556a.017.017 0 0 0-.003.01l.001.006c0 .002.002.004.004.006l.006.004.007.001h10.964l.007-.001.006-.004.004-.006.001-.007a.017.017 0 0 0-.003-.01l-1.703-2.554a1.745 1.745 0 0 1-.294-.97V5A3.5 3.5 0 0 0 8 1.5Z"
              />
            </svg>
          </button>
          <button
            class="flex justify-evenly items-center w-full my-1 cursor-pointer text-xs font-extrabold focus:outline-none disabled:text-gray-500 disabled:cursor-default text-white hover:text-gray-500 py-1"
            title="My Issues"
            type="button"
          >
            <svg
              aria-label="My Issues"
              class="octicon octicon-issue-opened"
              fill="currentColor"
              focusable="false"
              height="12"
              role="img"
              style="display: inline-block; user-select: none; vertical-align: text-bottom; overflow: visible;"
              viewBox="0 0 16 16"
              width="12"
            >
              <path
                d="M8 9.5a1.5 1.5 0 1 0 0-3 1.5 1.5 0 0 0 0 3Z"
              />
              <path
                d="M8 0a8 8 0 1 1 0 16A8 8 0 0 1 8 0ZM1.5 8a6.5 6.5 0 1 0 13 0 6.5 6.5 0 0 0-13 0Z"
              />
            </svg>
          </button>
          <button
            class="flex justify-evenly items-center w-full my-1 cursor-pointer text-xs font-extrabold focus:outline-none disabled:text-gray-500 disabled:cursor-default text-white hover:text-gray-500 py-1"
            title="My Pull Requests"
            type="button"
          >
            <svg
              aria-label="My Pull Requests"
              class="octicon octicon-git-pull-request"
              fill="currentColor"
              focusable="false"
              height="12"
              role="img"
              style="display: inline-block; user-select: none; vertical-align: text-bottom; overflow: visible;"
              viewBox="0 0 16 16"
              width="12"
            >
              <path
                d="M1.5 3.25a2.25 2.25 0 1 1 3 2.122v5.256a2.251 2.251 0 1 1-1.5 0V5.372A2.25 2.25 0 0 1 1.5 3.25Zm5.677-.177L9.573.677A.25.25 0 0 1 10 .854V2.5h1A2.5 2.5 0 0 1 13.5 5v5.628a2.251 2.251 0 1 1-1.5 0V5a1 1 0 0 0-1-1h-1v1.646a.25.25 0 0 1-.427.177L7.177 3.427a.25.25 0 0 1 0-.354ZM3.75 2.5a.75.75 0 1 0 0 1.5.75.75 0 0 0 0-1.5Zm0 9.5a.75.75 0 1 0 0 1.5.75.75 0 0 0 0-1.5Zm8.25.75a.75.75 0 1 0 1.5 0 .75.75 0 0 0-1.5 0Z"
              />
            </svg>
          </button>
        </div>
        <div
          class="px-3 py-4"
        >
          <button
            class="flex justify-evenly items-center w-full my-1 cursor-pointer text-xs font-extrabold focus:outline-none disabled:text-gray-500 disabled:cursor-default text-white hover:text-gray-500 py-2"
            title="Quit Atlasify"
            type="button"
          >
            <svg
              aria-label="Quit Atlasify"
              class="octicon octicon-x-circle"
              fill="currentColor"
              focusable="false"
              height="16"
              role="img"
              style="display: inline-block; user-select: none; vertical-align: text-bottom; overflow: visible;"
              viewBox="0 0 16 16"
              width="16"
            >
              <path
                d="M2.344 2.343h-.001a8 8 0 0 1 11.314 11.314A8.002 8.002 0 0 1 .234 10.089a8 8 0 0 1 2.11-7.746Zm1.06 10.253a6.5 6.5 0 1 0 9.108-9.275 6.5 6.5 0 0 0-9.108 9.275ZM6.03 4.97 8 6.94l1.97-1.97a.749.749 0 0 1 1.275.326.749.749 0 0 1-.215.734L9.06 8l1.97 1.97a.749.749 0 0 1-.326 1.275.749.749 0 0 1-.734-.215L8 9.06l-1.97 1.97a.749.749 0 0 1-1.275-.326.749.749 0 0 1 .215-.734L6.94 8 4.97 6.03a.751.751 0 0 1 .018-1.042.751.751 0 0 1 1.042-.018Z"
              />
            </svg>
          </button>
        </div>
      </div>
    </div>
  </body>,
  "container": <div>
    <div
      class="fixed left-14 -ml-14 flex h-full w-14 flex-col overflow-y-auto bg-gray-sidebar"
    >
      <div
        class="flex flex-1 flex-col items-center py-4"
      >
        <button
          class="mx-auto my-3 cursor-pointer outline-none"
          data-testid="atlasify-logo"
          title="Open Atlasify on GitHub"
          type="button"
        >
          <span
            aria-label="Atlas"
            class="css-12mte9y"
            role="img"
          >
            <svg
              aria-hidden="true"
              fill="none"
              focusable="false"
              height="32"
              viewBox="0 0 32 32"
              xmlns="http://www.w3.org/2000/svg"
            >
              
    
              <g
                fill="#1868DB"
              >
                
      
                <path
                  d="M16 28.532c-6.656 0-12.068-5.412-12.068-12.068S9.344 4.396 16 4.396v1.921c-5.597 0-10.146 4.549-10.146 10.146S10.403 26.609 16 26.609zm0 0v-1.921c5.597 0 10.146-4.549 10.146-10.146h1.921c0 6.656-5.412 12.068-12.068 12.068zm12.068-12.068h-1.921c0-5.597-4.549-10.146-10.146-10.146V4.397c6.656 0 12.068 5.412 12.068 12.068zm-6.928 3.695c-1.28-.251-2.292-.706-3.973-1.467-.464-.204-.974-.436-1.559-.696a59 59 0 0 0-1.003-.436c-2.534-1.123-3.926-1.736-5.634-1.736-1.198 0-2.098.325-2.6.937a1.72 1.72 0 0 0-.38 1.448l-1.885.362a3.67 3.67 0 0 1 .78-3.035c.613-.743 1.82-1.634 4.085-1.634 2.116 0 3.824.761 6.414 1.903.316.14.641.288.994.436.594.26 1.114.492 1.578.706 1.606.724 2.488 1.123 3.555 1.327l-.371 1.885Zm1.877.185c-.64 0-1.253-.056-1.875-.185l.371-1.885c.502.102.994.149 1.504.149 1.188 0 2.089-.298 2.609-.864s.539-1.253.51-1.615l1.913-.167c.102 1.169-.251 2.265-1.003 3.082-.622.677-1.82 1.485-4.029 1.485M16 28.532v-1.921c2.757 0 4.4-2.813 4.4-7.52s-1.67-8.652-5.096-12.3l1.402-1.318c3.778 4.02 5.616 8.476 5.616 13.618 0 5.821-2.423 9.441-6.322 9.441m-.001 0c-4.15 0-6.526-3.379-6.526-9.273 0-6.879 3.008-10.722 5.82-13.776l1.412 1.299c-3.277 3.565-5.31 6.888-5.31 12.476 0 6.08 2.506 7.352 4.604 7.352z"
                />
                
      
                <path
                  d="M10.857 17.467a2.247 2.247 0 1 0 0-4.494 2.247 2.247 0 0 0 0 4.494m10.385 3.871a2.247 2.247 0 1 0 0-4.494 2.247 2.247 0 0 0 0 4.494M15.998 7.96a2.247 2.247 0 1 0 0-4.493 2.247 2.247 0 0 0 0 4.494Z"
                />
                
    
              </g>
              
  
            </svg>
          </span>
        </button>
        <button
          class="flex justify-evenly items-center w-full my-1 cursor-pointer text-xs font-extrabold focus:outline-none disabled:text-gray-500 disabled:cursor-default text-white hover:text-gray-500 py-1"
          title="2 Unread Notifications"
          type="button"
        >
          <svg
            aria-label="2 Unread Notifications"
            class="octicon octicon-bell"
            fill="currentColor"
            focusable="false"
            height="12"
            role="img"
            style="display: inline-block; user-select: none; vertical-align: text-bottom; overflow: visible;"
            viewBox="0 0 16 16"
            width="12"
          >
            <path
              d="M8 16a2 2 0 0 0 1.985-1.75c.017-.137-.097-.25-.235-.25h-3.5c-.138 0-.252.113-.235.25A2 2 0 0 0 8 16ZM3 5a5 5 0 0 1 10 0v2.947c0 .05.015.098.042.139l1.703 2.555A1.519 1.519 0 0 1 13.482 13H2.518a1.516 1.516 0 0 1-1.263-2.36l1.703-2.554A.255.255 0 0 0 3 7.947Zm5-3.5A3.5 3.5 0 0 0 4.5 5v2.947c0 .346-.102.683-.294.97l-1.703 2.556a.017.017 0 0 0-.003.01l.001.006c0 .002.002.004.004.006l.006.004.007.001h10.964l.007-.001.006-.004.004-.006.001-.007a.017.017 0 0 0-.003-.01l-1.703-2.554a1.745 1.745 0 0 1-.294-.97V5A3.5 3.5 0 0 0 8 1.5Z"
            />
          </svg>
        </button>
        <button
          class="flex justify-evenly items-center w-full my-1 cursor-pointer text-xs font-extrabold focus:outline-none disabled:text-gray-500 disabled:cursor-default text-white hover:text-gray-500 py-1"
          title="My Issues"
          type="button"
        >
          <svg
            aria-label="My Issues"
            class="octicon octicon-issue-opened"
            fill="currentColor"
            focusable="false"
            height="12"
            role="img"
            style="display: inline-block; user-select: none; vertical-align: text-bottom; overflow: visible;"
            viewBox="0 0 16 16"
            width="12"
          >
            <path
              d="M8 9.5a1.5 1.5 0 1 0 0-3 1.5 1.5 0 0 0 0 3Z"
            />
            <path
              d="M8 0a8 8 0 1 1 0 16A8 8 0 0 1 8 0ZM1.5 8a6.5 6.5 0 1 0 13 0 6.5 6.5 0 0 0-13 0Z"
            />
          </svg>
        </button>
        <button
          class="flex justify-evenly items-center w-full my-1 cursor-pointer text-xs font-extrabold focus:outline-none disabled:text-gray-500 disabled:cursor-default text-white hover:text-gray-500 py-1"
          title="My Pull Requests"
          type="button"
        >
          <svg
            aria-label="My Pull Requests"
            class="octicon octicon-git-pull-request"
            fill="currentColor"
            focusable="false"
            height="12"
            role="img"
            style="display: inline-block; user-select: none; vertical-align: text-bottom; overflow: visible;"
            viewBox="0 0 16 16"
            width="12"
          >
            <path
              d="M1.5 3.25a2.25 2.25 0 1 1 3 2.122v5.256a2.251 2.251 0 1 1-1.5 0V5.372A2.25 2.25 0 0 1 1.5 3.25Zm5.677-.177L9.573.677A.25.25 0 0 1 10 .854V2.5h1A2.5 2.5 0 0 1 13.5 5v5.628a2.251 2.251 0 1 1-1.5 0V5a1 1 0 0 0-1-1h-1v1.646a.25.25 0 0 1-.427.177L7.177 3.427a.25.25 0 0 1 0-.354ZM3.75 2.5a.75.75 0 1 0 0 1.5.75.75 0 0 0 0-1.5Zm0 9.5a.75.75 0 1 0 0 1.5.75.75 0 0 0 0-1.5Zm8.25.75a.75.75 0 1 0 1.5 0 .75.75 0 0 0-1.5 0Z"
            />
          </svg>
        </button>
      </div>
      <div
        class="px-3 py-4"
      >
        <button
          class="flex justify-evenly items-center w-full my-1 cursor-pointer text-xs font-extrabold focus:outline-none disabled:text-gray-500 disabled:cursor-default text-white hover:text-gray-500 py-2"
          title="Quit Atlasify"
          type="button"
        >
          <svg
            aria-label="Quit Atlasify"
            class="octicon octicon-x-circle"
            fill="currentColor"
            focusable="false"
            height="16"
            role="img"
            style="display: inline-block; user-select: none; vertical-align: text-bottom; overflow: visible;"
            viewBox="0 0 16 16"
            width="16"
          >
            <path
              d="M2.344 2.343h-.001a8 8 0 0 1 11.314 11.314A8.002 8.002 0 0 1 .234 10.089a8 8 0 0 1 2.11-7.746Zm1.06 10.253a6.5 6.5 0 1 0 9.108-9.275 6.5 6.5 0 0 0-9.108 9.275ZM6.03 4.97 8 6.94l1.97-1.97a.749.749 0 0 1 1.275.326.749.749 0 0 1-.215.734L9.06 8l1.97 1.97a.749.749 0 0 1-.326 1.275.749.749 0 0 1-.734-.215L8 9.06l-1.97 1.97a.749.749 0 0 1-1.275-.326.749.749 0 0 1 .215-.734L6.94 8 4.97 6.03a.751.751 0 0 1 .018-1.042.751.751 0 0 1 1.042-.018Z"
            />
          </svg>
        </button>
      </div>
    </div>
  </div>,
  "debug": [Function],
  "findAllByAltText": [Function],
  "findAllByDisplayValue": [Function],
  "findAllByLabelText": [Function],
  "findAllByPlaceholderText": [Function],
  "findAllByRole": [Function],
  "findAllByTestId": [Function],
  "findAllByText": [Function],
  "findAllByTitle": [Function],
  "findByAltText": [Function],
  "findByDisplayValue": [Function],
  "findByLabelText": [Function],
  "findByPlaceholderText": [Function],
  "findByRole": [Function],
  "findByTestId": [Function],
  "findByText": [Function],
  "findByTitle": [Function],
  "getAllByAltText": [Function],
  "getAllByDisplayValue": [Function],
  "getAllByLabelText": [Function],
  "getAllByPlaceholderText": [Function],
  "getAllByRole": [Function],
  "getAllByTestId": [Function],
  "getAllByText": [Function],
  "getAllByTitle": [Function],
  "getByAltText": [Function],
  "getByDisplayValue": [Function],
  "getByLabelText": [Function],
  "getByPlaceholderText": [Function],
  "getByRole": [Function],
  "getByTestId": [Function],
  "getByText": [Function],
  "getByTitle": [Function],
  "queryAllByAltText": [Function],
  "queryAllByDisplayValue": [Function],
  "queryAllByLabelText": [Function],
  "queryAllByPlaceholderText": [Function],
  "queryAllByRole": [Function],
  "queryAllByTestId": [Function],
  "queryAllByText": [Function],
  "queryAllByTitle": [Function],
  "queryByAltText": [Function],
  "queryByDisplayValue": [Function],
  "queryByLabelText": [Function],
  "queryByPlaceholderText": [Function],
  "queryByRole": [Function],
  "queryByTestId": [Function],
  "queryByText": [Function],
  "queryByTitle": [Function],
  "rerender": [Function],
  "unmount": [Function],
}
`;

exports[`components/Sidebar.tsx should render itself & its children (logged out) 1`] = `
{
  "asFragment": [Function],
  "baseElement": <body>
    <div>
      <div
        class="fixed left-14 -ml-14 flex h-full w-14 flex-col overflow-y-auto bg-gray-sidebar"
      >
        <div
          class="flex flex-1 flex-col items-center py-4"
        >
          <button
            class="mx-auto my-3 cursor-pointer outline-none"
            data-testid="atlasify-logo"
            title="Open Atlasify on GitHub"
            type="button"
          >
            <span
              aria-label="Atlas"
              class="css-12mte9y"
              role="img"
            >
              <svg
                aria-hidden="true"
                fill="none"
                focusable="false"
                height="32"
                viewBox="0 0 32 32"
                xmlns="http://www.w3.org/2000/svg"
              >
                
    
                <g
                  fill="#1868DB"
                >
                  
      
                  <path
                    d="M16 28.532c-6.656 0-12.068-5.412-12.068-12.068S9.344 4.396 16 4.396v1.921c-5.597 0-10.146 4.549-10.146 10.146S10.403 26.609 16 26.609zm0 0v-1.921c5.597 0 10.146-4.549 10.146-10.146h1.921c0 6.656-5.412 12.068-12.068 12.068zm12.068-12.068h-1.921c0-5.597-4.549-10.146-10.146-10.146V4.397c6.656 0 12.068 5.412 12.068 12.068zm-6.928 3.695c-1.28-.251-2.292-.706-3.973-1.467-.464-.204-.974-.436-1.559-.696a59 59 0 0 0-1.003-.436c-2.534-1.123-3.926-1.736-5.634-1.736-1.198 0-2.098.325-2.6.937a1.72 1.72 0 0 0-.38 1.448l-1.885.362a3.67 3.67 0 0 1 .78-3.035c.613-.743 1.82-1.634 4.085-1.634 2.116 0 3.824.761 6.414 1.903.316.14.641.288.994.436.594.26 1.114.492 1.578.706 1.606.724 2.488 1.123 3.555 1.327l-.371 1.885Zm1.877.185c-.64 0-1.253-.056-1.875-.185l.371-1.885c.502.102.994.149 1.504.149 1.188 0 2.089-.298 2.609-.864s.539-1.253.51-1.615l1.913-.167c.102 1.169-.251 2.265-1.003 3.082-.622.677-1.82 1.485-4.029 1.485M16 28.532v-1.921c2.757 0 4.4-2.813 4.4-7.52s-1.67-8.652-5.096-12.3l1.402-1.318c3.778 4.02 5.616 8.476 5.616 13.618 0 5.821-2.423 9.441-6.322 9.441m-.001 0c-4.15 0-6.526-3.379-6.526-9.273 0-6.879 3.008-10.722 5.82-13.776l1.412 1.299c-3.277 3.565-5.31 6.888-5.31 12.476 0 6.08 2.506 7.352 4.604 7.352z"
                  />
                  
      
                  <path
                    d="M10.857 17.467a2.247 2.247 0 1 0 0-4.494 2.247 2.247 0 0 0 0 4.494m10.385 3.871a2.247 2.247 0 1 0 0-4.494 2.247 2.247 0 0 0 0 4.494M15.998 7.96a2.247 2.247 0 1 0 0-4.493 2.247 2.247 0 0 0 0 4.494Z"
                  />
                  
    
                </g>
                
  
              </svg>
            </span>
          </button>
          <button
            class="flex justify-evenly items-center w-full my-1 cursor-pointer text-xs font-extrabold focus:outline-none disabled:text-gray-500 disabled:cursor-default text-white hover:text-gray-500 py-1"
            title="2 Unread Notifications"
            type="button"
          >
            <svg
              aria-label="2 Unread Notifications"
              class="octicon octicon-bell"
              fill="currentColor"
              focusable="false"
              height="12"
              role="img"
              style="display: inline-block; user-select: none; vertical-align: text-bottom; overflow: visible;"
              viewBox="0 0 16 16"
              width="12"
            >
              <path
                d="M8 16a2 2 0 0 0 1.985-1.75c.017-.137-.097-.25-.235-.25h-3.5c-.138 0-.252.113-.235.25A2 2 0 0 0 8 16ZM3 5a5 5 0 0 1 10 0v2.947c0 .05.015.098.042.139l1.703 2.555A1.519 1.519 0 0 1 13.482 13H2.518a1.516 1.516 0 0 1-1.263-2.36l1.703-2.554A.255.255 0 0 0 3 7.947Zm5-3.5A3.5 3.5 0 0 0 4.5 5v2.947c0 .346-.102.683-.294.97l-1.703 2.556a.017.017 0 0 0-.003.01l.001.006c0 .002.002.004.004.006l.006.004.007.001h10.964l.007-.001.006-.004.004-.006.001-.007a.017.017 0 0 0-.003-.01l-1.703-2.554a1.745 1.745 0 0 1-.294-.97V5A3.5 3.5 0 0 0 8 1.5Z"
              />
            </svg>
          </button>
          <button
            class="flex justify-evenly items-center w-full my-1 cursor-pointer text-xs font-extrabold focus:outline-none disabled:text-gray-500 disabled:cursor-default text-white hover:text-gray-500 py-1"
            title="My Issues"
            type="button"
          >
            <svg
              aria-label="My Issues"
              class="octicon octicon-issue-opened"
              fill="currentColor"
              focusable="false"
              height="12"
              role="img"
              style="display: inline-block; user-select: none; vertical-align: text-bottom; overflow: visible;"
              viewBox="0 0 16 16"
              width="12"
            >
              <path
                d="M8 9.5a1.5 1.5 0 1 0 0-3 1.5 1.5 0 0 0 0 3Z"
              />
              <path
                d="M8 0a8 8 0 1 1 0 16A8 8 0 0 1 8 0ZM1.5 8a6.5 6.5 0 1 0 13 0 6.5 6.5 0 0 0-13 0Z"
              />
            </svg>
          </button>
          <button
            class="flex justify-evenly items-center w-full my-1 cursor-pointer text-xs font-extrabold focus:outline-none disabled:text-gray-500 disabled:cursor-default text-white hover:text-gray-500 py-1"
            title="My Pull Requests"
            type="button"
          >
            <svg
              aria-label="My Pull Requests"
              class="octicon octicon-git-pull-request"
              fill="currentColor"
              focusable="false"
              height="12"
              role="img"
              style="display: inline-block; user-select: none; vertical-align: text-bottom; overflow: visible;"
              viewBox="0 0 16 16"
              width="12"
            >
              <path
                d="M1.5 3.25a2.25 2.25 0 1 1 3 2.122v5.256a2.251 2.251 0 1 1-1.5 0V5.372A2.25 2.25 0 0 1 1.5 3.25Zm5.677-.177L9.573.677A.25.25 0 0 1 10 .854V2.5h1A2.5 2.5 0 0 1 13.5 5v5.628a2.251 2.251 0 1 1-1.5 0V5a1 1 0 0 0-1-1h-1v1.646a.25.25 0 0 1-.427.177L7.177 3.427a.25.25 0 0 1 0-.354ZM3.75 2.5a.75.75 0 1 0 0 1.5.75.75 0 0 0 0-1.5Zm0 9.5a.75.75 0 1 0 0 1.5.75.75 0 0 0 0-1.5Zm8.25.75a.75.75 0 1 0 1.5 0 .75.75 0 0 0-1.5 0Z"
              />
            </svg>
          </button>
        </div>
        <div
          class="px-3 py-4"
        >
          <button
            class="flex justify-evenly items-center w-full my-1 cursor-pointer text-xs font-extrabold focus:outline-none disabled:text-gray-500 disabled:cursor-default text-white hover:text-gray-500 py-2"
            title="Quit Atlasify"
            type="button"
          >
            <svg
              aria-label="Quit Atlasify"
              class="octicon octicon-x-circle"
              fill="currentColor"
              focusable="false"
              height="16"
              role="img"
              style="display: inline-block; user-select: none; vertical-align: text-bottom; overflow: visible;"
              viewBox="0 0 16 16"
              width="16"
            >
              <path
                d="M2.344 2.343h-.001a8 8 0 0 1 11.314 11.314A8.002 8.002 0 0 1 .234 10.089a8 8 0 0 1 2.11-7.746Zm1.06 10.253a6.5 6.5 0 1 0 9.108-9.275 6.5 6.5 0 0 0-9.108 9.275ZM6.03 4.97 8 6.94l1.97-1.97a.749.749 0 0 1 1.275.326.749.749 0 0 1-.215.734L9.06 8l1.97 1.97a.749.749 0 0 1-.326 1.275.749.749 0 0 1-.734-.215L8 9.06l-1.97 1.97a.749.749 0 0 1-1.275-.326.749.749 0 0 1 .215-.734L6.94 8 4.97 6.03a.751.751 0 0 1 .018-1.042.751.751 0 0 1 1.042-.018Z"
              />
            </svg>
          </button>
        </div>
      </div>
    </div>
  </body>,
  "container": <div>
    <div
      class="fixed left-14 -ml-14 flex h-full w-14 flex-col overflow-y-auto bg-gray-sidebar"
    >
      <div
        class="flex flex-1 flex-col items-center py-4"
      >
        <button
          class="mx-auto my-3 cursor-pointer outline-none"
          data-testid="atlasify-logo"
          title="Open Atlasify on GitHub"
          type="button"
        >
          <span
            aria-label="Atlas"
            class="css-12mte9y"
            role="img"
          >
            <svg
              aria-hidden="true"
              fill="none"
              focusable="false"
              height="32"
              viewBox="0 0 32 32"
              xmlns="http://www.w3.org/2000/svg"
            >
              
    
              <g
                fill="#1868DB"
              >
                
      
                <path
                  d="M16 28.532c-6.656 0-12.068-5.412-12.068-12.068S9.344 4.396 16 4.396v1.921c-5.597 0-10.146 4.549-10.146 10.146S10.403 26.609 16 26.609zm0 0v-1.921c5.597 0 10.146-4.549 10.146-10.146h1.921c0 6.656-5.412 12.068-12.068 12.068zm12.068-12.068h-1.921c0-5.597-4.549-10.146-10.146-10.146V4.397c6.656 0 12.068 5.412 12.068 12.068zm-6.928 3.695c-1.28-.251-2.292-.706-3.973-1.467-.464-.204-.974-.436-1.559-.696a59 59 0 0 0-1.003-.436c-2.534-1.123-3.926-1.736-5.634-1.736-1.198 0-2.098.325-2.6.937a1.72 1.72 0 0 0-.38 1.448l-1.885.362a3.67 3.67 0 0 1 .78-3.035c.613-.743 1.82-1.634 4.085-1.634 2.116 0 3.824.761 6.414 1.903.316.14.641.288.994.436.594.26 1.114.492 1.578.706 1.606.724 2.488 1.123 3.555 1.327l-.371 1.885Zm1.877.185c-.64 0-1.253-.056-1.875-.185l.371-1.885c.502.102.994.149 1.504.149 1.188 0 2.089-.298 2.609-.864s.539-1.253.51-1.615l1.913-.167c.102 1.169-.251 2.265-1.003 3.082-.622.677-1.82 1.485-4.029 1.485M16 28.532v-1.921c2.757 0 4.4-2.813 4.4-7.52s-1.67-8.652-5.096-12.3l1.402-1.318c3.778 4.02 5.616 8.476 5.616 13.618 0 5.821-2.423 9.441-6.322 9.441m-.001 0c-4.15 0-6.526-3.379-6.526-9.273 0-6.879 3.008-10.722 5.82-13.776l1.412 1.299c-3.277 3.565-5.31 6.888-5.31 12.476 0 6.08 2.506 7.352 4.604 7.352z"
                />
                
      
                <path
                  d="M10.857 17.467a2.247 2.247 0 1 0 0-4.494 2.247 2.247 0 0 0 0 4.494m10.385 3.871a2.247 2.247 0 1 0 0-4.494 2.247 2.247 0 0 0 0 4.494M15.998 7.96a2.247 2.247 0 1 0 0-4.493 2.247 2.247 0 0 0 0 4.494Z"
                />
                
    
              </g>
              
  
            </svg>
          </span>
        </button>
        <button
          class="flex justify-evenly items-center w-full my-1 cursor-pointer text-xs font-extrabold focus:outline-none disabled:text-gray-500 disabled:cursor-default text-white hover:text-gray-500 py-1"
          title="2 Unread Notifications"
          type="button"
        >
          <svg
            aria-label="2 Unread Notifications"
            class="octicon octicon-bell"
            fill="currentColor"
            focusable="false"
            height="12"
            role="img"
            style="display: inline-block; user-select: none; vertical-align: text-bottom; overflow: visible;"
            viewBox="0 0 16 16"
            width="12"
          >
            <path
              d="M8 16a2 2 0 0 0 1.985-1.75c.017-.137-.097-.25-.235-.25h-3.5c-.138 0-.252.113-.235.25A2 2 0 0 0 8 16ZM3 5a5 5 0 0 1 10 0v2.947c0 .05.015.098.042.139l1.703 2.555A1.519 1.519 0 0 1 13.482 13H2.518a1.516 1.516 0 0 1-1.263-2.36l1.703-2.554A.255.255 0 0 0 3 7.947Zm5-3.5A3.5 3.5 0 0 0 4.5 5v2.947c0 .346-.102.683-.294.97l-1.703 2.556a.017.017 0 0 0-.003.01l.001.006c0 .002.002.004.004.006l.006.004.007.001h10.964l.007-.001.006-.004.004-.006.001-.007a.017.017 0 0 0-.003-.01l-1.703-2.554a1.745 1.745 0 0 1-.294-.97V5A3.5 3.5 0 0 0 8 1.5Z"
            />
          </svg>
        </button>
        <button
          class="flex justify-evenly items-center w-full my-1 cursor-pointer text-xs font-extrabold focus:outline-none disabled:text-gray-500 disabled:cursor-default text-white hover:text-gray-500 py-1"
          title="My Issues"
          type="button"
        >
          <svg
            aria-label="My Issues"
            class="octicon octicon-issue-opened"
            fill="currentColor"
            focusable="false"
            height="12"
            role="img"
            style="display: inline-block; user-select: none; vertical-align: text-bottom; overflow: visible;"
            viewBox="0 0 16 16"
            width="12"
          >
            <path
              d="M8 9.5a1.5 1.5 0 1 0 0-3 1.5 1.5 0 0 0 0 3Z"
            />
            <path
              d="M8 0a8 8 0 1 1 0 16A8 8 0 0 1 8 0ZM1.5 8a6.5 6.5 0 1 0 13 0 6.5 6.5 0 0 0-13 0Z"
            />
          </svg>
        </button>
        <button
          class="flex justify-evenly items-center w-full my-1 cursor-pointer text-xs font-extrabold focus:outline-none disabled:text-gray-500 disabled:cursor-default text-white hover:text-gray-500 py-1"
          title="My Pull Requests"
          type="button"
        >
          <svg
            aria-label="My Pull Requests"
            class="octicon octicon-git-pull-request"
            fill="currentColor"
            focusable="false"
            height="12"
            role="img"
            style="display: inline-block; user-select: none; vertical-align: text-bottom; overflow: visible;"
            viewBox="0 0 16 16"
            width="12"
          >
            <path
              d="M1.5 3.25a2.25 2.25 0 1 1 3 2.122v5.256a2.251 2.251 0 1 1-1.5 0V5.372A2.25 2.25 0 0 1 1.5 3.25Zm5.677-.177L9.573.677A.25.25 0 0 1 10 .854V2.5h1A2.5 2.5 0 0 1 13.5 5v5.628a2.251 2.251 0 1 1-1.5 0V5a1 1 0 0 0-1-1h-1v1.646a.25.25 0 0 1-.427.177L7.177 3.427a.25.25 0 0 1 0-.354ZM3.75 2.5a.75.75 0 1 0 0 1.5.75.75 0 0 0 0-1.5Zm0 9.5a.75.75 0 1 0 0 1.5.75.75 0 0 0 0-1.5Zm8.25.75a.75.75 0 1 0 1.5 0 .75.75 0 0 0-1.5 0Z"
            />
          </svg>
        </button>
      </div>
      <div
        class="px-3 py-4"
      >
        <button
          class="flex justify-evenly items-center w-full my-1 cursor-pointer text-xs font-extrabold focus:outline-none disabled:text-gray-500 disabled:cursor-default text-white hover:text-gray-500 py-2"
          title="Quit Atlasify"
          type="button"
        >
          <svg
            aria-label="Quit Atlasify"
            class="octicon octicon-x-circle"
            fill="currentColor"
            focusable="false"
            height="16"
            role="img"
            style="display: inline-block; user-select: none; vertical-align: text-bottom; overflow: visible;"
            viewBox="0 0 16 16"
            width="16"
          >
            <path
              d="M2.344 2.343h-.001a8 8 0 0 1 11.314 11.314A8.002 8.002 0 0 1 .234 10.089a8 8 0 0 1 2.11-7.746Zm1.06 10.253a6.5 6.5 0 1 0 9.108-9.275 6.5 6.5 0 0 0-9.108 9.275ZM6.03 4.97 8 6.94l1.97-1.97a.749.749 0 0 1 1.275.326.749.749 0 0 1-.215.734L9.06 8l1.97 1.97a.749.749 0 0 1-.326 1.275.749.749 0 0 1-.734-.215L8 9.06l-1.97 1.97a.749.749 0 0 1-1.275-.326.749.749 0 0 1 .215-.734L6.94 8 4.97 6.03a.751.751 0 0 1 .018-1.042.751.751 0 0 1 1.042-.018Z"
            />
          </svg>
        </button>
      </div>
    </div>
  </div>,
  "debug": [Function],
  "findAllByAltText": [Function],
  "findAllByDisplayValue": [Function],
  "findAllByLabelText": [Function],
  "findAllByPlaceholderText": [Function],
  "findAllByRole": [Function],
  "findAllByTestId": [Function],
  "findAllByText": [Function],
  "findAllByTitle": [Function],
  "findByAltText": [Function],
  "findByDisplayValue": [Function],
  "findByLabelText": [Function],
  "findByPlaceholderText": [Function],
  "findByRole": [Function],
  "findByTestId": [Function],
  "findByText": [Function],
  "findByTitle": [Function],
  "getAllByAltText": [Function],
  "getAllByDisplayValue": [Function],
  "getAllByLabelText": [Function],
  "getAllByPlaceholderText": [Function],
  "getAllByRole": [Function],
  "getAllByTestId": [Function],
  "getAllByText": [Function],
  "getAllByTitle": [Function],
  "getByAltText": [Function],
  "getByDisplayValue": [Function],
  "getByLabelText": [Function],
  "getByPlaceholderText": [Function],
  "getByRole": [Function],
  "getByTestId": [Function],
  "getByText": [Function],
  "getByTitle": [Function],
  "queryAllByAltText": [Function],
  "queryAllByDisplayValue": [Function],
  "queryAllByLabelText": [Function],
  "queryAllByPlaceholderText": [Function],
  "queryAllByRole": [Function],
  "queryAllByTestId": [Function],
  "queryAllByText": [Function],
  "queryAllByTitle": [Function],
  "queryByAltText": [Function],
  "queryByDisplayValue": [Function],
  "queryByLabelText": [Function],
  "queryByPlaceholderText": [Function],
  "queryByRole": [Function],
  "queryByTestId": [Function],
  "queryByText": [Function],
  "queryByTitle": [Function],
  "rerender": [Function],
  "unmount": [Function],
}
`;
