// Jest Snapshot v1, https://goo.gl/fbAQLP

exports[`routes/Login.tsx should render itself & its children 1`] = `
{
  "asFragment": [Function],
  "baseElement": <body>
    <div>
      <div
        class="flex flex-1 flex-col items-center justify-center p-4"
      >
        <div>
          <span
            aria-label="Atlassian"
            class="css-1eivgv0"
            role="img"
            style="--logo-color: inherit; --logo-fill: currentColor;"
          >
            <svg
              aria-hidden="true"
              fill="none"
              focusable="false"
              height="32"
              viewBox="0 0 32 32"
              xmlns="http://www.w3.org/2000/svg"
            >
              
      
              <path
                d="M27.545 24.378 16.96 3.208c-.208-.458-.417-.541-.667-.541-.208 0-.458.083-.708.5-1.5 2.375-2.167 5.125-2.167 8 0 4.001 2.042 7.752 5.042 13.795.334.666.584.791 1.167.791h7.335c.541 0 .833-.208.833-.625 0-.208-.042-.333-.25-.75M12.168 14.377c-.834-1.25-1.084-1.334-1.292-1.334s-.333.083-.708.834L4.875 24.46c-.167.334-.208.459-.208.625 0 .334.291.667.916.667h7.46c.5 0 .875-.416 1.083-1.208.25-1 .334-1.876.334-2.917 0-2.917-1.292-5.751-2.292-7.251"
                fill="#1868DB"
              />
              
    
            </svg>
          </span>
           
          <span
            aria-hidden="true"
            class="css-16cclz7"
            data-vc="icon-undefined"
            style="--icon-primary-color: currentColor; --icon-secondary-color: var(--ds-surface, #FFFFFF);"
          >
            <svg
              height="24"
              role="presentation"
              viewBox="0 0 24 24"
              width="24"
            >
              <g
                fill="currentcolor"
                fill-rule="evenodd"
              >
                <path
                  d="M11.384 5.478A5.04 5.04 0 0 1 14.954 4c.972 0 1.945.28 2.788.839q.03-.038.066-.074a1.01 1.01 0 1 1 1.354 1.494 5.05 5.05 0 0 1-.64 6.356l-.725.725c-.782.783-1.813 2.21-2.312 3.207l-1.509 3.016c-.249.5-.773.584-1.171.187l-8.556-8.555c-.397-.397-.308-.924.187-1.172l3.017-1.508c.989-.494 2.42-1.526 3.206-2.312z"
                  fill-rule="nonzero"
                />
                <path
                  d="m7.92 3.62.4.97a1 1 0 1 1-1.85.77l-.4-.97a1 1 0 1 1 1.85-.76M4.38 6.08l.97.4a1 1 0 0 1-.77 1.85l-.97-.4a1 1 0 0 1 .77-1.85m11.84 12a1 1 0 0 0-.54 1.31l.4.97a1 1 0 1 0 1.85-.77l-.4-.97a1 1 0 0 0-1.31-.54m1.86-1.86a1 1 0 0 0 .54 1.31l.97.4a1 1 0 0 0 .77-1.85l-.97-.4a1 1 0 0 0-1.31.54M6.49 17.67a2 2 0 0 0 2.83 0l-2.83-2.83a2 2 0 0 0 0 2.83"
                />
              </g>
            </svg>
          </span>
        </div>
        <div
          class="my-4 px-2.5 py-1.5 text-center font-semibold"
        >
          <div>
            Atlassian Notifications 
            <br />
             on your menu bar.
          </div>
          <div
            class="flex items-center justify-center gap-2"
          >
            <span
              aria-label="Bitbucket"
              class="css-1eu9lrx"
              role="img"
              style="--logo-color: inherit; --logo-fill: currentColor;"
            >
              <svg
                aria-hidden="true"
                fill="none"
                focusable="false"
                height="32"
                viewBox="0 0 32 32"
                xmlns="http://www.w3.org/2000/svg"
              >
                
      
                <path
                  d="m25.586 15.819-1.618 9.885c-.106.598-.528.95-1.126.95H9.122c-.598 0-1.02-.352-1.126-.95L5.146 8.08c-.105-.598.212-.985.775-.985h20.123c.562 0 .88.387.773.985l-.773 4.644c-.106.668-.493.95-1.126.95H12.816c-.176 0-.282.105-.246.316l.95 5.84c.035.14.14.246.281.246h4.362c.141 0 .246-.105.282-.246l.668-4.222c.07-.527.422-.738.915-.738h4.75c.703 0 .914.351.808.95"
                  fill="#6C6F77"
                />
                
    
              </svg>
            </span>
            <span
              aria-label="Confluence"
              class="css-1eu9lrx"
              role="img"
              style="--logo-color: inherit; --logo-fill: currentColor;"
            >
              <svg
                aria-hidden="true"
                fill="none"
                focusable="false"
                height="32"
                viewBox="0 0 32 32"
                xmlns="http://www.w3.org/2000/svg"
              >
                
      
                <path
                  d="M25.769 20.234c-6.584-3.183-8.507-3.66-11.282-3.66-3.254 0-6.028 1.355-8.507 5.16l-.406.622c-.333.513-.407.696-.407.915s.11.403.517.659l4.18 2.598c.222.146.407.22.592.22.222 0 .37-.11.592-.44l.665-1.024c1.036-1.574 1.96-2.086 3.144-2.086 1.036 0 2.257.293 3.773 1.025l4.365 2.049c.443.22.924.11 1.146-.403l2.071-4.537c.222-.512.074-.842-.444-1.098M6.572 12.22c6.584 3.184 8.507 3.66 11.281 3.66 3.255 0 6.03-1.354 8.507-5.16l.407-.622c.333-.512.407-.695.407-.915s-.11-.402-.518-.658l-4.18-2.598c-.221-.147-.406-.22-.591-.22-.222 0-.37.11-.592.44l-.666 1.024c-1.035 1.573-1.96 2.086-3.144 2.086-1.035 0-2.256-.293-3.772-1.025L9.346 6.183c-.444-.22-.924-.11-1.146.402l-2.072 4.538c-.222.512-.074.841.444 1.098"
                  fill="#6C6F77"
                />
                
    
              </svg>
            </span>
            <span
              aria-label="Compass"
              class="css-1eu9lrx"
              role="img"
              style="--logo-color: inherit; --logo-fill: currentColor;"
            >
              <svg
                aria-hidden="true"
                fill="none"
                focusable="false"
                height="32"
                viewBox="0 0 32 32"
                xmlns="http://www.w3.org/2000/svg"
              >
                
      
                <path
                  d="M15.667 15.66v5.942H9.713V15.66zV9.722H4.807c-.58.004-1.047.47-1.043 1.04v15.755a1.04 1.04 0 0 0 1.028 1.054h15.771a1.04 1.04 0 0 0 1.042-1.04V15.66zm0-11.88v5.942h5.967v5.938h5.935V4.82a1.04 1.04 0 0 0-1.028-1.053h-.014z"
                  fill="#6C6F77"
                />
                
      
              </svg>
              
    
            </span>
            <span
              aria-label="Jira"
              class="css-1eu9lrx"
              role="img"
              style="--logo-color: inherit; --logo-fill: currentColor;"
            >
              <svg
                aria-hidden="true"
                fill="none"
                focusable="false"
                height="32"
                viewBox="0 0 32 32"
                xmlns="http://www.w3.org/2000/svg"
              >
                
      
                <path
                  d="M11.034 21.99h-2.22c-3.346 0-5.747-2.05-5.747-5.052h11.932c.619 0 1.019.44 1.019 1.062v12.007c-2.983 0-4.984-2.416-4.984-5.784zm5.893-5.967h-2.219c-3.347 0-5.748-2.013-5.748-5.015h11.933c.618 0 1.055.402 1.055 1.025V24.04c-2.983 0-5.02-2.416-5.02-5.784zm5.93-5.93h-2.219c-3.347 0-5.748-2.05-5.748-5.052h11.933c.618 0 1.018.439 1.018 1.025v12.007c-2.983 0-4.984-2.416-4.984-5.784z"
                  fill="#6C6F77"
                />
                
    
              </svg>
            </span>
          </div>
        </div>
        <button
          aria-label="Login with Atlassian"
          class="ring-offset-background focus-visible:ring-ring inline-flex w-fit items-center justify-center whitespace-nowrap rounded text-xs font-medium transition-colors focus-visible:outline-none focus-visible:ring-2 focus-visible:ring-offset-2 disabled:pointer-events-none disabled:opacity-50 bg-gray-300 dark:text-black hover:opacity-90 min-w-20 h-10 px-4 mt-2 py-2"
          name="Atlassian"
        >
          <span
            aria-label="Atlassian"
            class="css-1eu9lrx"
            role="img"
            style="--logo-color: inherit; --logo-fill: currentColor;"
          >
            <svg
              aria-hidden="true"
              fill="none"
              focusable="false"
              height="32"
              viewBox="0 0 32 32"
              xmlns="http://www.w3.org/2000/svg"
            >
              
      
              <path
                d="M27.545 24.378 16.96 3.208c-.208-.458-.417-.541-.667-.541-.208 0-.458.083-.708.5-1.5 2.375-2.167 5.125-2.167 8 0 4.001 2.042 7.752 5.042 13.795.334.666.584.791 1.167.791h7.335c.541 0 .833-.208.833-.625 0-.208-.042-.333-.25-.75M12.168 14.377c-.834-1.25-1.084-1.334-1.292-1.334s-.333.083-.708.834L4.875 24.46c-.167.334-.208.459-.208.625 0 .334.291.667.916.667h7.46c.5 0 .875-.416 1.083-1.208.25-1 .334-1.876.334-2.917 0-2.917-1.292-5.751-2.292-7.251"
                fill="#6C6F77"
              />
              
    
            </svg>
          </span>
           Login
        </button>
      </div>
    </div>
  </body>,
  "container": <div>
    <div
      class="flex flex-1 flex-col items-center justify-center p-4"
    >
      <div>
        <span
          aria-label="Atlassian"
          class="css-1eivgv0"
          role="img"
          style="--logo-color: inherit; --logo-fill: currentColor;"
        >
          <svg
            aria-hidden="true"
            fill="none"
            focusable="false"
            height="32"
            viewBox="0 0 32 32"
            xmlns="http://www.w3.org/2000/svg"
          >
            
      
            <path
              d="M27.545 24.378 16.96 3.208c-.208-.458-.417-.541-.667-.541-.208 0-.458.083-.708.5-1.5 2.375-2.167 5.125-2.167 8 0 4.001 2.042 7.752 5.042 13.795.334.666.584.791 1.167.791h7.335c.541 0 .833-.208.833-.625 0-.208-.042-.333-.25-.75M12.168 14.377c-.834-1.25-1.084-1.334-1.292-1.334s-.333.083-.708.834L4.875 24.46c-.167.334-.208.459-.208.625 0 .334.291.667.916.667h7.46c.5 0 .875-.416 1.083-1.208.25-1 .334-1.876.334-2.917 0-2.917-1.292-5.751-2.292-7.251"
              fill="#1868DB"
            />
            
    
          </svg>
        </span>
         
        <span
          aria-hidden="true"
          class="css-16cclz7"
          data-vc="icon-undefined"
          style="--icon-primary-color: currentColor; --icon-secondary-color: var(--ds-surface, #FFFFFF);"
        >
          <svg
            height="24"
            role="presentation"
            viewBox="0 0 24 24"
            width="24"
          >
            <g
              fill="currentcolor"
              fill-rule="evenodd"
            >
              <path
                d="M11.384 5.478A5.04 5.04 0 0 1 14.954 4c.972 0 1.945.28 2.788.839q.03-.038.066-.074a1.01 1.01 0 1 1 1.354 1.494 5.05 5.05 0 0 1-.64 6.356l-.725.725c-.782.783-1.813 2.21-2.312 3.207l-1.509 3.016c-.249.5-.773.584-1.171.187l-8.556-8.555c-.397-.397-.308-.924.187-1.172l3.017-1.508c.989-.494 2.42-1.526 3.206-2.312z"
                fill-rule="nonzero"
              />
              <path
                d="m7.92 3.62.4.97a1 1 0 1 1-1.85.77l-.4-.97a1 1 0 1 1 1.85-.76M4.38 6.08l.97.4a1 1 0 0 1-.77 1.85l-.97-.4a1 1 0 0 1 .77-1.85m11.84 12a1 1 0 0 0-.54 1.31l.4.97a1 1 0 1 0 1.85-.77l-.4-.97a1 1 0 0 0-1.31-.54m1.86-1.86a1 1 0 0 0 .54 1.31l.97.4a1 1 0 0 0 .77-1.85l-.97-.4a1 1 0 0 0-1.31.54M6.49 17.67a2 2 0 0 0 2.83 0l-2.83-2.83a2 2 0 0 0 0 2.83"
              />
            </g>
          </svg>
        </span>
      </div>
      <div
        class="my-4 px-2.5 py-1.5 text-center font-semibold"
      >
        <div>
          Atlassian Notifications 
          <br />
           on your menu bar.
        </div>
        <div
          class="flex items-center justify-center gap-2"
        >
          <span
            aria-label="Bitbucket"
            class="css-1eu9lrx"
            role="img"
            style="--logo-color: inherit; --logo-fill: currentColor;"
          >
            <svg
              aria-hidden="true"
              fill="none"
              focusable="false"
              height="32"
              viewBox="0 0 32 32"
              xmlns="http://www.w3.org/2000/svg"
            >
              
      
              <path
                d="m25.586 15.819-1.618 9.885c-.106.598-.528.95-1.126.95H9.122c-.598 0-1.02-.352-1.126-.95L5.146 8.08c-.105-.598.212-.985.775-.985h20.123c.562 0 .88.387.773.985l-.773 4.644c-.106.668-.493.95-1.126.95H12.816c-.176 0-.282.105-.246.316l.95 5.84c.035.14.14.246.281.246h4.362c.141 0 .246-.105.282-.246l.668-4.222c.07-.527.422-.738.915-.738h4.75c.703 0 .914.351.808.95"
                fill="#6C6F77"
              />
              
    
            </svg>
          </span>
          <span
            aria-label="Confluence"
            class="css-1eu9lrx"
            role="img"
            style="--logo-color: inherit; --logo-fill: currentColor;"
          >
            <svg
              aria-hidden="true"
              fill="none"
              focusable="false"
              height="32"
              viewBox="0 0 32 32"
              xmlns="http://www.w3.org/2000/svg"
            >
              
      
              <path
                d="M25.769 20.234c-6.584-3.183-8.507-3.66-11.282-3.66-3.254 0-6.028 1.355-8.507 5.16l-.406.622c-.333.513-.407.696-.407.915s.11.403.517.659l4.18 2.598c.222.146.407.22.592.22.222 0 .37-.11.592-.44l.665-1.024c1.036-1.574 1.96-2.086 3.144-2.086 1.036 0 2.257.293 3.773 1.025l4.365 2.049c.443.22.924.11 1.146-.403l2.071-4.537c.222-.512.074-.842-.444-1.098M6.572 12.22c6.584 3.184 8.507 3.66 11.281 3.66 3.255 0 6.03-1.354 8.507-5.16l.407-.622c.333-.512.407-.695.407-.915s-.11-.402-.518-.658l-4.18-2.598c-.221-.147-.406-.22-.591-.22-.222 0-.37.11-.592.44l-.666 1.024c-1.035 1.573-1.96 2.086-3.144 2.086-1.035 0-2.256-.293-3.772-1.025L9.346 6.183c-.444-.22-.924-.11-1.146.402l-2.072 4.538c-.222.512-.074.841.444 1.098"
                fill="#6C6F77"
              />
              
    
            </svg>
          </span>
          <span
            aria-label="Compass"
            class="css-1eu9lrx"
            role="img"
            style="--logo-color: inherit; --logo-fill: currentColor;"
          >
            <svg
              aria-hidden="true"
              fill="none"
              focusable="false"
              height="32"
              viewBox="0 0 32 32"
              xmlns="http://www.w3.org/2000/svg"
            >
              
      
              <path
                d="M15.667 15.66v5.942H9.713V15.66zV9.722H4.807c-.58.004-1.047.47-1.043 1.04v15.755a1.04 1.04 0 0 0 1.028 1.054h15.771a1.04 1.04 0 0 0 1.042-1.04V15.66zm0-11.88v5.942h5.967v5.938h5.935V4.82a1.04 1.04 0 0 0-1.028-1.053h-.014z"
                fill="#6C6F77"
              />
              
      
            </svg>
            
    
          </span>
          <span
            aria-label="Jira"
            class="css-1eu9lrx"
            role="img"
            style="--logo-color: inherit; --logo-fill: currentColor;"
          >
            <svg
              aria-hidden="true"
              fill="none"
              focusable="false"
              height="32"
              viewBox="0 0 32 32"
              xmlns="http://www.w3.org/2000/svg"
            >
              
      
              <path
                d="M11.034 21.99h-2.22c-3.346 0-5.747-2.05-5.747-5.052h11.932c.619 0 1.019.44 1.019 1.062v12.007c-2.983 0-4.984-2.416-4.984-5.784zm5.893-5.967h-2.219c-3.347 0-5.748-2.013-5.748-5.015h11.933c.618 0 1.055.402 1.055 1.025V24.04c-2.983 0-5.02-2.416-5.02-5.784zm5.93-5.93h-2.219c-3.347 0-5.748-2.05-5.748-5.052h11.933c.618 0 1.018.439 1.018 1.025v12.007c-2.983 0-4.984-2.416-4.984-5.784z"
                fill="#6C6F77"
              />
              
    
            </svg>
          </span>
        </div>
      </div>
      <button
        aria-label="Login with Atlassian"
        class="ring-offset-background focus-visible:ring-ring inline-flex w-fit items-center justify-center whitespace-nowrap rounded text-xs font-medium transition-colors focus-visible:outline-none focus-visible:ring-2 focus-visible:ring-offset-2 disabled:pointer-events-none disabled:opacity-50 bg-gray-300 dark:text-black hover:opacity-90 min-w-20 h-10 px-4 mt-2 py-2"
        name="Atlassian"
      >
        <span
          aria-label="Atlassian"
          class="css-1eu9lrx"
          role="img"
          style="--logo-color: inherit; --logo-fill: currentColor;"
        >
          <svg
            aria-hidden="true"
            fill="none"
            focusable="false"
            height="32"
            viewBox="0 0 32 32"
            xmlns="http://www.w3.org/2000/svg"
          >
            
      
            <path
              d="M27.545 24.378 16.96 3.208c-.208-.458-.417-.541-.667-.541-.208 0-.458.083-.708.5-1.5 2.375-2.167 5.125-2.167 8 0 4.001 2.042 7.752 5.042 13.795.334.666.584.791 1.167.791h7.335c.541 0 .833-.208.833-.625 0-.208-.042-.333-.25-.75M12.168 14.377c-.834-1.25-1.084-1.334-1.292-1.334s-.333.083-.708.834L4.875 24.46c-.167.334-.208.459-.208.625 0 .334.291.667.916.667h7.46c.5 0 .875-.416 1.083-1.208.25-1 .334-1.876.334-2.917 0-2.917-1.292-5.751-2.292-7.251"
              fill="#6C6F77"
            />
            
    
          </svg>
        </span>
         Login
      </button>
    </div>
  </div>,
  "debug": [Function],
  "findAllByAltText": [Function],
  "findAllByDisplayValue": [Function],
  "findAllByLabelText": [Function],
  "findAllByPlaceholderText": [Function],
  "findAllByRole": [Function],
  "findAllByTestId": [Function],
  "findAllByText": [Function],
  "findAllByTitle": [Function],
  "findByAltText": [Function],
  "findByDisplayValue": [Function],
  "findByLabelText": [Function],
  "findByPlaceholderText": [Function],
  "findByRole": [Function],
  "findByTestId": [Function],
  "findByText": [Function],
  "findByTitle": [Function],
  "getAllByAltText": [Function],
  "getAllByDisplayValue": [Function],
  "getAllByLabelText": [Function],
  "getAllByPlaceholderText": [Function],
  "getAllByRole": [Function],
  "getAllByTestId": [Function],
  "getAllByText": [Function],
  "getAllByTitle": [Function],
  "getByAltText": [Function],
  "getByDisplayValue": [Function],
  "getByLabelText": [Function],
  "getByPlaceholderText": [Function],
  "getByRole": [Function],
  "getByTestId": [Function],
  "getByText": [Function],
  "getByTitle": [Function],
  "queryAllByAltText": [Function],
  "queryAllByDisplayValue": [Function],
  "queryAllByLabelText": [Function],
  "queryAllByPlaceholderText": [Function],
  "queryAllByRole": [Function],
  "queryAllByTestId": [Function],
  "queryAllByText": [Function],
  "queryAllByTitle": [Function],
  "queryByAltText": [Function],
  "queryByDisplayValue": [Function],
  "queryByLabelText": [Function],
  "queryByPlaceholderText": [Function],
  "queryByRole": [Function],
  "queryByTestId": [Function],
  "queryByText": [Function],
  "queryByTitle": [Function],
  "rerender": [Function],
  "unmount": [Function],
}
`;
