// Jest Snapshot v1, https://goo.gl/fbAQLP

exports[`components/icons/AuthMethodIcon.tsx should render API Token icon 1`] = `
{
  "asFragment": [Function],
  "baseElement": <body>
    <div>
      <span
        class="mr-1"
        title="API Token"
      >
        <svg
          aria-hidden="true"
          class="octicon octicon-key"
          fill="currentColor"
          focusable="false"
          height="16"
          style="display: inline-block; user-select: none; vertical-align: text-bottom; overflow: visible;"
          viewBox="0 0 16 16"
          width="16"
        >
          <path
            d="M10.5 0a5.499 5.499 0 1 1-1.288 10.848l-.932.932a.749.749 0 0 1-.53.22H7v.75a.749.749 0 0 1-.22.53l-.5.5a.749.749 0 0 1-.53.22H5v.75a.749.749 0 0 1-.22.53l-.5.5a.749.749 0 0 1-.53.22h-2A1.75 1.75 0 0 1 0 14.25v-2c0-.199.079-.389.22-.53l4.932-4.932A5.5 5.5 0 0 1 10.5 0Zm-4 5.5c-.001.431.069.86.205 1.269a.75.75 0 0 1-.181.768L1.5 12.56v1.69c0 .138.112.25.25.25h1.69l.06-.06v-1.19a.75.75 0 0 1 .75-.75h1.19l.06-.06v-1.19a.75.75 0 0 1 .75-.75h1.19l1.023-1.025a.75.75 0 0 1 .768-.18A4 4 0 1 0 6.5 5.5ZM11 6a1 1 0 1 1 0-2 1 1 0 0 1 0 2Z"
          />
        </svg>
      </span>
    </div>
  </body>,
  "container": <div>
    <span
      class="mr-1"
      title="API Token"
    >
      <svg
        aria-hidden="true"
        class="octicon octicon-key"
        fill="currentColor"
        focusable="false"
        height="16"
        style="display: inline-block; user-select: none; vertical-align: text-bottom; overflow: visible;"
        viewBox="0 0 16 16"
        width="16"
      >
        <path
          d="M10.5 0a5.499 5.499 0 1 1-1.288 10.848l-.932.932a.749.749 0 0 1-.53.22H7v.75a.749.749 0 0 1-.22.53l-.5.5a.749.749 0 0 1-.53.22H5v.75a.749.749 0 0 1-.22.53l-.5.5a.749.749 0 0 1-.53.22h-2A1.75 1.75 0 0 1 0 14.25v-2c0-.199.079-.389.22-.53l4.932-4.932A5.5 5.5 0 0 1 10.5 0Zm-4 5.5c-.001.431.069.86.205 1.269a.75.75 0 0 1-.181.768L1.5 12.56v1.69c0 .138.112.25.25.25h1.69l.06-.06v-1.19a.75.75 0 0 1 .75-.75h1.19l.06-.06v-1.19a.75.75 0 0 1 .75-.75h1.19l1.023-1.025a.75.75 0 0 1 .768-.18A4 4 0 1 0 6.5 5.5ZM11 6a1 1 0 1 1 0-2 1 1 0 0 1 0 2Z"
        />
      </svg>
    </span>
  </div>,
  "debug": [Function],
  "findAllByAltText": [Function],
  "findAllByDisplayValue": [Function],
  "findAllByLabelText": [Function],
  "findAllByPlaceholderText": [Function],
  "findAllByRole": [Function],
  "findAllByTestId": [Function],
  "findAllByText": [Function],
  "findAllByTitle": [Function],
  "findByAltText": [Function],
  "findByDisplayValue": [Function],
  "findByLabelText": [Function],
  "findByPlaceholderText": [Function],
  "findByRole": [Function],
  "findByTestId": [Function],
  "findByText": [Function],
  "findByTitle": [Function],
  "getAllByAltText": [Function],
  "getAllByDisplayValue": [Function],
  "getAllByLabelText": [Function],
  "getAllByPlaceholderText": [Function],
  "getAllByRole": [Function],
  "getAllByTestId": [Function],
  "getAllByText": [Function],
  "getAllByTitle": [Function],
  "getByAltText": [Function],
  "getByDisplayValue": [Function],
  "getByLabelText": [Function],
  "getByPlaceholderText": [Function],
  "getByRole": [Function],
  "getByTestId": [Function],
  "getByText": [Function],
  "getByTitle": [Function],
  "queryAllByAltText": [Function],
  "queryAllByDisplayValue": [Function],
  "queryAllByLabelText": [Function],
  "queryAllByPlaceholderText": [Function],
  "queryAllByRole": [Function],
  "queryAllByTestId": [Function],
  "queryAllByText": [Function],
  "queryAllByTitle": [Function],
  "queryByAltText": [Function],
  "queryByDisplayValue": [Function],
  "queryByLabelText": [Function],
  "queryByPlaceholderText": [Function],
  "queryByRole": [Function],
  "queryByTestId": [Function],
  "queryByText": [Function],
  "queryByTitle": [Function],
  "rerender": [Function],
  "unmount": [Function],
}
`;
